Archive member included to satisfy reference by file (symbol)

/opt/riscv/lib/gcc/riscv64-unknown-elf/14.2.0/rv32i/ilp32/libgcc.a(div.o)
                              ee_printf.o (__divsi3)

There are no discarded input sections

Memory Configuration

Name             Origin             Length             Attributes
IRAM             0x00000000         0x00008000         xr
DRAM             0x80000000         0x00008000         rw
*default*        0x00000000         0xffffffff

Linker script and memory map

LOAD /opt/riscv/lib/gcc/riscv64-unknown-elf/14.2.0/rv32i/ilp32/libgcc.a
LOAD startup.o
LOAD median.o
LOAD median_main.o
LOAD stats.o
LOAD ee_printf.o
LOAD /opt/riscv/lib/gcc/riscv64-unknown-elf/14.2.0/rv32i/ilp32/libgcc.a
START GROUP
LOAD /opt/riscv/riscv64-unknown-elf/lib/rv32i/ilp32/libc.a
LOAD /opt/riscv/riscv64-unknown-elf/lib/rv32i/ilp32/libgloss.a
END GROUP
LOAD /opt/riscv/lib/gcc/riscv64-unknown-elf/14.2.0/rv32i/ilp32/libgcc.a

.text           0x00000000     0x2124
 *startup.o(.text)
 .text          0x00000000       0xb0 startup.o
                0x00000000                _start
 *(.text)
 .text          0x000000b0       0x90 median.o
                0x000000b0                median
 .text          0x00000140        0x0 median_main.o
 .text          0x00000140       0x98 stats.o
                0x00000140                setStats
 .text          0x000001d8     0x1df8 ee_printf.o
                0x00000884                delay_me
                0x000008b0                delay_cycles
                0x000008e0                uart_init
                0x0000097c                uart_send_char
                0x00000a20                ee_printf
 .text          0x00001fd0       0xb4 /opt/riscv/lib/gcc/riscv64-unknown-elf/14.2.0/rv32i/ilp32/libgcc.a(div.o)
                0x00001fd0                __divsi3
                0x00001fd8                __hidden___udivsi3
                0x00001fd8                __udivsi3
                0x00002020                __umodsi3
                0x00002054                __modsi3
 *(.text.*)
 .text.startup  0x00002084       0xa0 median_main.o
                0x00002084                main

.rodata         0x80000000      0x32b
 *(.rodata)
 .rodata        0x80000000      0x204 ee_printf.o
 *(.rodata.*)
 .rodata.str1.4
                0x80000204      0x127 median_main.o
                                 0x4a (size before relaxing)
 .rodata.str1.4
                0x8000032b       0x83 stats.o
 .rodata.str1.4
                0x8000032b       0x57 ee_printf.o
 *(.srodata)
 *(.srodata.*)

.rela.dyn       0x8000032c        0x0
 .rela.text     0x8000032c        0x0 startup.o

.data           0x8000032c      0xc88
 *(.data)
 .data          0x8000032c        0x0 startup.o
 .data          0x8000032c        0x0 median.o
 .data          0x8000032c      0xc80 median_main.o
                0x8000032c                input_data
                0x8000096c                verify_data
 .data          0x80000fac        0x0 stats.o
 .data          0x80000fac        0x0 ee_printf.o
 .data          0x80000fac        0x0 /opt/riscv/lib/gcc/riscv64-unknown-elf/14.2.0/rv32i/ilp32/libgcc.a(div.o)
 *(.data.*)
 *(.sdata)
 .sdata         0x80000fac        0x8 stats.o
                0x80000fb0                hardwareCounterAddr
 *(.sdata.*)

.bss            0x80000fb4        0x0
                0x80000fb4                        _sbss = .
 *(.bss)
 .bss           0x80000fb4        0x0 startup.o
 .bss           0x80000fb4        0x0 median.o
 .bss           0x80000fb4        0x0 median_main.o
 .bss           0x80000fb4        0x0 stats.o
 .bss           0x80000fb4        0x0 ee_printf.o
 .bss           0x80000fb4        0x0 /opt/riscv/lib/gcc/riscv64-unknown-elf/14.2.0/rv32i/ilp32/libgcc.a(div.o)
 *(.bss.*)
 *(.sbss)
 *(.sbss.*)
 *(COMMON)
                0x80000fb4                        _ebss = .
                0x80008000                        _stack_top = ((ORIGIN (DRAM) + LENGTH (DRAM)) & 0xfffffffffffffff0)
OUTPUT(median_pqr5.elf elf32-littleriscv)

.riscv.attributes
                0x00000000       0x1c
 .riscv.attributes
                0x00000000       0x1a startup.o
 .riscv.attributes
                0x0000001a       0x1c median.o
 .riscv.attributes
                0x00000036       0x1c median_main.o
 .riscv.attributes
                0x00000052       0x1c stats.o
 .riscv.attributes
                0x0000006e       0x1c ee_printf.o
 .riscv.attributes
                0x0000008a       0x1a /opt/riscv/lib/gcc/riscv64-unknown-elf/14.2.0/rv32i/ilp32/libgcc.a(div.o)

.comment        0x00000000       0x19
 .comment       0x00000000       0x19 median.o
                                 0x1a (size before relaxing)
 .comment       0x00000019       0x1a median_main.o
 .comment       0x00000019       0x1a stats.o
 .comment       0x00000019       0x1a ee_printf.o

.note.GNU-stack
                0x00000000        0x0
 .note.GNU-stack
                0x00000000        0x0 median.o
 .note.GNU-stack
                0x00000000        0x0 median_main.o
 .note.GNU-stack
                0x00000000        0x0 stats.o
 .note.GNU-stack
                0x00000000        0x0 ee_printf.o

.debug_info     0x00000000      0xe14
 .debug_info    0x00000000       0xb1 median.o
 .debug_info    0x000000b1      0x2b4 median_main.o
 .debug_info    0x00000365      0x1a8 stats.o
 .debug_info    0x0000050d      0x8a8 ee_printf.o
 .debug_info    0x00000db5       0x5f /opt/riscv/lib/gcc/riscv64-unknown-elf/14.2.0/rv32i/ilp32/libgcc.a(div.o)

.debug_abbrev   0x00000000      0x689
 .debug_abbrev  0x00000000       0x86 median.o
 .debug_abbrev  0x00000086      0x190 median_main.o
 .debug_abbrev  0x00000216      0x11a stats.o
 .debug_abbrev  0x00000330      0x331 ee_printf.o
 .debug_abbrev  0x00000661       0x28 /opt/riscv/lib/gcc/riscv64-unknown-elf/14.2.0/rv32i/ilp32/libgcc.a(div.o)

.debug_loclists
                0x00000000     0x1cfd
 .debug_loclists
                0x00000000       0x8d median.o
 .debug_loclists
                0x0000008d       0xe7 median_main.o
 .debug_loclists
                0x00000174       0x52 stats.o
 .debug_loclists
                0x000001c6     0x1b37 ee_printf.o

.debug_aranges  0x00000000       0xa0
 .debug_aranges
                0x00000000       0x20 median.o
 .debug_aranges
                0x00000020       0x20 median_main.o
 .debug_aranges
                0x00000040       0x20 stats.o
 .debug_aranges
                0x00000060       0x20 ee_printf.o
 .debug_aranges
                0x00000080       0x20 /opt/riscv/lib/gcc/riscv64-unknown-elf/14.2.0/rv32i/ilp32/libgcc.a(div.o)

.debug_line     0x00000000     0x457e
 .debug_line    0x00000000      0x18e median.o
 .debug_line    0x0000018e      0x1ac median_main.o
 .debug_line    0x0000033a      0x170 stats.o
 .debug_line    0x000004aa     0x3f81 ee_printf.o
 .debug_line    0x0000442b      0x153 /opt/riscv/lib/gcc/riscv64-unknown-elf/14.2.0/rv32i/ilp32/libgcc.a(div.o)

.debug_str      0x00000000      0x388
 .debug_str     0x00000000      0x388 median.o
                                 0xea (size before relaxing)
 .debug_str     0x00000388      0x19f median_main.o
 .debug_str     0x00000388      0x1b0 stats.o
 .debug_str     0x00000388      0x281 ee_printf.o
 .debug_str     0x00000388       0xeb /opt/riscv/lib/gcc/riscv64-unknown-elf/14.2.0/rv32i/ilp32/libgcc.a(div.o)

.debug_line_str
                0x00000000      0x18b
 .debug_line_str
                0x00000000      0x18b median.o
                                 0xa3 (size before relaxing)
 .debug_line_str
                0x0000018b       0xd5 median_main.o
 .debug_line_str
                0x0000018b       0xa8 stats.o
 .debug_line_str
                0x0000018b      0x101 ee_printf.o
 .debug_line_str
                0x0000018b       0xa4 /opt/riscv/lib/gcc/riscv64-unknown-elf/14.2.0/rv32i/ilp32/libgcc.a(div.o)

.debug_frame    0x00000000      0x298
 .debug_frame   0x00000000       0x20 median.o
 .debug_frame   0x00000020       0x34 median_main.o
 .debug_frame   0x00000054       0x3c stats.o
 .debug_frame   0x00000090      0x208 ee_printf.o

.debug_rnglists
                0x00000000      0x121
 .debug_rnglists
                0x00000000       0x32 median_main.o
 .debug_rnglists
                0x00000032       0x19 stats.o
 .debug_rnglists
                0x0000004b       0xd6 ee_printf.o
